<html>
<body>
<pre>
<h1>µVision Build Log</h1>
<h2>Tool Versions:</h2>
IDE-Version: µVision V5.27.0.0
Copyright (C) 2018 ARM Ltd and ARM Germany GmbH. All rights reserved.
License Information: Tai Nguyen, HCMUTE, LIC=9WSAR-KIPUJ-Q0XNJ-U8EWL-Q46UD-UPSKI
 
Tool Versions:
Toolchain:       MDK-ARM Plus  Version: 5.27.0.0
Toolchain Path:  C:\Keil_v5\ARM\ARMCC\Bin
C Compiler:      Armcc.exe V5.06 update 6 (build 750)
Assembler:       Armasm.exe V5.06 update 6 (build 750)
Linker/Locator:  ArmLink.exe V5.06 update 6 (build 750)
Library Manager: ArmAr.exe V5.06 update 6 (build 750)
Hex Converter:   FromElf.exe V5.06 update 6 (build 750)
CPU DLL:         SARMCM3.DLL V5.27.0.0
Dialog DLL:      DARMCM1.DLL V1.19.2.0
Target DLL:      CMSIS_AGDI.dll V1.31.9.0
Dialog DLL:      TARMCM1.DLL V1.14.1.0
 
<h2>Project:</h2>
C:\Users\Personal Computer\Desktop\Firmware\VDK_NC\I2C_MPU_6050\I2C.uvprojx
Project File Date:  11/13/2019

<h2>Output:</h2>
*** Using Compiler 'V5.06 update 6 (build 750)', folder: 'C:\Keil_v5\ARM\ARMCC\Bin'
Build target 'Target 1'
compiling main.c...
main.c(130): warning:  #177-D: variable "_temp"  was declared but never referenced
  		int16_t _temp = temp[0]|(temp[1]<<8);				
main.c: 1 warning, 0 errors
linking...
Program Size: Code=1988 RO-data=32 RW-data=16 ZI-data=608  
".\Objects\I2C.axf" - 0 Error(s), 1 Warning(s).

<h2>Software Packages used:</h2>

Package Vendor: ARM
                http://www.keil.com/pack/ARM.CMSIS.5.6.0.pack
                ARM.CMSIS.5.6.0
                CMSIS (Cortex Microcontroller Software Interface Standard)
   * Component: CORE Version: 5.3.0

Package Vendor: Holtek
                http://mcu.holtek.com.tw/pack/Holtek.HT32_DFP.1.0.10.pack
                Holtek.HT32_DFP.1.0.10
                Holtek HT32 Family Support
   * Component: Startup Version: 1.0.1

<h2>Collection of Component include folders:</h2>
  .\RTE\_Target_1
  C:\Keil_v5\ARM\PACK\ARM\CMSIS\5.6.0\CMSIS\Core\Include
  C:\Keil_v5\ARM\PACK\Holtek\HT32_DFP\1.0.10\ARM\INC\Holtek\HT32F5xxxx

<h2>Collection of Component Files used:</h2>

   * Component: ARM::CMSIS:CORE:5.3.0

   * Component: Holtek::Device:Startup:1.0.1
      Source file:   ARM\Startup\Holtek\HT32F5xxxx\startup_ht32f52342_52.s
      Source file:   ARM\Startup\Holtek\HT32F5xxxx\system_ht32f5xxxx_01.c
      Source file:   ARM\Startup\Holtek\ht32_op.s
Build Time Elapsed:  00:00:00
</pre>
</body>
</html>
